CheckpointCertificate(NonEmptyList(Header(ByteVector(32 bytes, 0x7f80dddfff7f3a0b809480dd53010196127f7f7f01270027ff00803651c4fc7f),100,ByteVector(32 bytes, 0xffff597f000000007fd4486a017f80a57f5cd17f0000ffd41032f77f0080d77f),ByteVector(32 bytes, 0xff51807f7f7fc33d7f00d4ff017f7fd5ff008e01007f94017ffb57800174d9ff)), Header(ByteVector(32 bytes, 0x80ff63ff9a798000177f9ab900419d80345eff00007f000144d7e67fffef8000),32,ByteVector(32 bytes, 0x147fa3550080ff6c007fd59028ba1b7f4313eed26a7f52c4ad4dd28d804a289b),ByteVector(32 bytes, 0x01a90100ff0096fe4c7f800199747f80ff01ff8085176c00146d8064fff58001))),CheckpointCandidate(BitVector(136 bits, 0x7f707f808000f7ff5380617d5201005b7f)),Proof(2,Vector(ByteVector(32 bytes, 0x800380b0c46000ff2c805bfba901c90104011f99241801477e1fa70b8000a101), ByteVector(32 bytes, 0x80ff1315ea810000ee00000db0ed007fff00a79d0000ffb400ffff274f012531))),QuorumCertificate(Commit,10,ByteVector(32 bytes, 0x01ffcdffffff0d157f347f018dd1ec012180ea011900a001379f7f01800e3715),GroupSignature(List(ECDSASignature(94,17,28), ECDSASignature(39,70,28)))))